// Jest Snapshot v1, https://goo.gl/fbAQLP

exports[`<CardFieldInput /> should mount correctly CardFieldInput component 1`] = `
<styled.input
  className="cardFieldInput"
  onChange={[Function]}
  type="number"
  value="ValueText"
>
  <input
    className="sc-AxjAm dLgPKd cardFieldInput"
    onChange={[Function]}
    type="number"
    value="ValueText"
  />
</styled.input>
`;
